[designcanada.com/index.html]
[backblue.gif]
[fade.gif]
[index.html]
[designcanada.com/assets/images/placeholders/default.png]
[designcanada.com/assets/images/favicons/apple-touch-icon.png]
[designcanada.com/assets/images/favicons/safari-pinned-tab.svg]
[designcanada.com/assets/images/favicons/favicon-32x32.png]
[designcanada.com/assets/images/favicons/favicon-16x16.png]
[designcanada.com/manifest.json]
[designcanada.com/browserconfig.xml]
[designcanada.com/assets/styles/main3cc5.css]
[www.google-analytics.com/analytics.js]
[www.google.com/recaptcha/apifef7.js]
[designcanada.com/assets/images/rofl/5.svg]
[designcanada.com/assets/images/rofl/4.svg]
[designcanada.com/assets/images/rofl/3.svg]
[designcanada.com/assets/images/rofl/2.svg]
[designcanada.com/assets/images/rofl/1.svg]
[designcanada.com/assets/images/berlin_stroke/1.svg]
[designcanada.com/assets/images/berlin_stroke/2.svg]
[designcanada.com/assets/images/berlin_stroke/3.svg]
[designcanada.com/assets/images/berlin_stroke/4.svg]
[designcanada.com/assets/images/berlin_stroke/5.svg]
[designcanada.com/assets/images/berlin_stroke/6.svg]
[designcanada.com/assets/images/berlin_stroke/y1.svg]
[designcanada.com/assets/images/berlin_stroke/y2.svg]
[designcanada.com/assets/images/berlin_stroke/y3.svg]
[designcanada.com/assets/images/berlin_stroke/y4.svg]
[designcanada.com/assets/images/berlin_stroke/y5.svg]
[designcanada.com/assets/images/berlin_stroke/y6.svg]
[designcanada.com/assets/images/berlin_stroke/y7.svg]
[designcanada.com/assets/images/berlin_stroke/b1.svg]
[designcanada.com/assets/images/berlin_stroke/b2.svg]
[designcanada.com/assets/images/berlin_stroke/b3.svg]
[designcanada.com/assets/images/berlin_stroke/b4.svg]
[designcanada.com/assets/images/berlin_stroke/b5.svg]
[designcanada.com/assets/images/sprite.svg]
[designcanada.com/designers.html]
[designcanada.com/filmmakers.html]
[designcanada.com/screenings.html]
[designcanada.com/contact.html]
[designcanada.com/news.html]
[designcanada.com/assets/images/cbc/4.svg]
[designcanada.com/assets/images/cbc/3.svg]
[designcanada.com/assets/images/cbc/2.svg]
[designcanada.com/assets/images/cbc/1.svg]
[designcanada.com/assets/videos/trailer-cut.mp4]
[designcanada.com/assets/images/video.jpg]
[designcanada.com/assets/images/greg.jpg]
[designcanada.com/assets/images/jessica.jpg]
[designcanada.com/assets/images/gary.jpg]
[designcanada.com/designers/burton-kramer.html]
[designcanada.com/designers/heather-cooper.html]
[designcanada.com/designers/stuart-ash.html]
[designcanada.com/designers/hans-kleefeld.html]
[designcanada.com/designers/fritz-gottschalk.html]
[designcanada.com/designers/rolf-harder.html]
[ajax.googleapis.com/ajax/libs/jquery/3.0.0/jquery.min.js]
[designcanada.com/assets/scripts/jquery-3.0.0.min.js]
[designcanada.com/index.html]
[designcanada.com/assets/images/favicons/safari-pinned-tab.svg]
[designcanada.com/manifest.html]
[designcanada.com/assets/scripts/vendors3cc5.js]
[designcanada.com/assets/scripts/app3cc5.js]
[designcanada.com/assets/fonts/hinted-NHaasGroteskDSPro-65Md.woff2]
[designcanada.com/browserconfig.html]
[designcanada.com/assets/fonts/hinted-NHaasGroteskDSPro-65Md.woff]
[designcanada.com/assets/styles/main3cc5.css]
[designcanada.com/assets/images/rofl/5.svg]
[designcanada.com/assets/images/rofl/4.svg]
[designcanada.com/assets/images/rofl/3.svg]
[designcanada.com/assets/images/rofl/2.svg]
[designcanada.com/assets/images/rofl/1.svg]
[designcanada.com/assets/images/berlin_stroke/1.svg]
[designcanada.com/assets/images/berlin_stroke/2.svg]
[designcanada.com/assets/images/berlin_stroke/3.svg]
[designcanada.com/assets/images/berlin_stroke/4.svg]
[designcanada.com/assets/images/berlin_stroke/5.svg]
[designcanada.com/assets/images/berlin_stroke/6.svg]
[designcanada.com/assets/images/berlin_stroke/y1.svg]
[designcanada.com/assets/images/berlin_stroke/y2.svg]
[designcanada.com/assets/images/berlin_stroke/y3.svg]
[designcanada.com/assets/images/berlin_stroke/y4.svg]
[designcanada.com/assets/images/berlin_stroke/y5.svg]
[designcanada.com/assets/images/berlin_stroke/y6.svg]
[designcanada.com/assets/images/berlin_stroke/y7.svg]
[designcanada.com/assets/images/berlin_stroke/b1.svg]
[designcanada.com/assets/images/berlin_stroke/b2.svg]
[designcanada.com/assets/images/berlin_stroke/b3.svg]
[designcanada.com/assets/images/berlin_stroke/b4.svg]
[designcanada.com/assets/images/berlin_stroke/b5.svg]
[designcanada.com/assets/images/sprite.svg]
[designcanada.com/uploads/designers/images/DC_Vertical_Photos_Rolf_Harder.jpg]
[designcanada.com/uploads/designers/images/DC_Vertical_Photos_Burton_Kramer.jpg]
[designcanada.com/uploads/designers/images/DC_Vertical_Photos_Heather_Cooper.jpg]
[designcanada.com/uploads/designers/images/DC_Vertical_Photos_Stuart_Ash.jpg]
[designcanada.com/uploads/designers/images/DC_Vertical_Photos_Hans_Kleefeld.jpg]
[designcanada.com/uploads/designers/images/DC_Vertical_Photos_Fritz_Gottschalk.jpg]
[designcanada.com/designers.html]
[designcanada.com/filmmakers.html]
[designcanada.com/screenings.html]
[designcanada.com/contact.html]
[designcanada.com/news.html]
[designcanada.com/assets/images/cbc/4.svg]
[designcanada.com/assets/images/cbc/3.svg]
[designcanada.com/assets/images/cbc/2.svg]
[designcanada.com/assets/images/cbc/1.svg]
[designcanada.com/uploads/designers/images/BK-Header-1280x775.jpg]
[designcanada.com/uploads/designers/images/cbc-500x500.png]
[i.ytimg.com/vi/TlPaxRdFaOk/maxresdefault.jpg]
[designcanada.com/uploads/designers/Kramer/BK-Stills-1-960x640.jpg]
[designcanada.com/uploads/designers/Kramer/BK-Stills-2-960x640.jpg]
[designcanada.com/uploads/designers/Kramer/BK-Stills-3-960x640.jpg]
[designcanada.com/uploads/designers/Kramer/BK-Stills-4-960x640.jpg]
[designcanada.com/uploads/designers/Kramer/BK-Stills-5-960x640.jpg]
[designcanada.com/designers/burton-kramer.html]
[designcanada.com/uploads/designers/images/HC-Header-1280x775.jpg]
[designcanada.com/uploads/designers/images/Heather-Cooper-Roots-500x500.png]
[i.ytimg.com/vi/fq0hHg1sAHE/maxresdefault.jpg]
[designcanada.com/uploads/designers/Cooper/HC-Stills-1-960x640.jpg]
[designcanada.com/uploads/designers/Cooper/HC-Stills-2-960x640.jpg]
[designcanada.com/uploads/designers/Cooper/HC-Stills-3-960x640.jpg]
[designcanada.com/uploads/designers/Cooper/HC-Stills-4-960x640.jpg]
[designcanada.com/designers/heather-cooper.html]
[designcanada.com/uploads/designers/images/SA-Header_2-1280x775.jpg]
[designcanada.com/uploads/designers/images/Centennial-1967-500x500.png]
[i.ytimg.com/vi/YPs0qtQOFK0/maxresdefault.jpg]
[designcanada.com/uploads/designers/Ash/SA-1-960x640.jpg]
[designcanada.com/uploads/designers/Ash/SA-2-960x640.jpg]
[designcanada.com/uploads/designers/Ash/SA-3-960x640.jpg]
[designcanada.com/uploads/designers/Ash/SA-4-960x640.jpg]
[designcanada.com/designers/stuart-ash.html]
[designcanada.com/uploads/attachments/images/DC_-_Fine_Cut_26March.00_34_04_15.Still036-1280x775.jpg]
[designcanada.com/uploads/designers/images/Air-Canada-500x500.png]
[i.ytimg.com/vi/DgvQeG1XieQ/maxresdefault.jpg]
[designcanada.com/uploads/designers/Kleefeld/HK-Stills-3-960x640.jpg]
[designcanada.com/uploads/designers/Kleefeld/HK-Stills-2-960x640.jpg]
[designcanada.com/uploads/designers/Kleefeld/HK-Stills-1-960x640.jpg]
[designcanada.com/uploads/attachments/images/Designer-Kleefeld-Headers-960x640.jpg]
[designcanada.com/designers/hans-kleefeld.html]
[designcanada.com/uploads/attachments/images/DC_-_Fine_Cut_26March.00_00_48_12.Still040-1280x775.jpg]
[designcanada.com/uploads/designers/images/RBC-500x500.png]
[i.ytimg.com/vi/P0ezn2cXTbU/maxresdefault.jpg]
[designcanada.com/uploads/designers/Gottschalk/FG-Stills-1-960x640.jpg]
[designcanada.com/uploads/designers/Gottschalk/FG-Stills-2-960x640.jpg]
[designcanada.com/uploads/designers/Gottschalk/FG-Stills-3-960x640.jpg]
[designcanada.com/uploads/designers/Gottschalk/FG-Stills-4-960x640.jpg]
[designcanada.com/designers/fritz-gottschalk.html]
[designcanada.com/uploads/attachments/images/Harder_-_B-Roll.00_09_01_19.Still004-1280x775.jpg]
[designcanada.com/uploads/designers/images/Harder-GP-500x500.png]
[i.ytimg.com/vi/0Vr8k4Qh86k/maxresdefault.jpg]
[designcanada.com/uploads/designers/Harder/RH-Stills-1-960x640.jpg]
[designcanada.com/uploads/designers/Harder/RH-Stills-2-960x640.jpg]
[designcanada.com/uploads/designers/Harder/RH-Stills-3-960x640.jpg]
[designcanada.com/uploads/designers/Harder/RH-Stills-4-960x640.jpg]
[designcanada.com/designers/rolf-harder.html]
[designcanada.com/manifest.html]
[designcanada.com/manifest.html]
[designcanada.com/browserconfig.html]
[designcanada.com/browserconfig.html]
